// Jest Snapshot v1, https://goo.gl/fbAQLP

exports[`RunwayProvider buildRenderData()  1`] = `
{
  "given": {
    "0": null,
  },
  "returns": {
    "months": [
      {
        "balance": {
          "end": 0,
          "start": 0,
        },
        "credit": 0,
        "debit": 0,
        "label": "Apr 24",
      },
    ],
    "total": {
      "funds": 0,
      "monthly": {
        "credit": 0,
        "debit": 0,
      },
      "oneTime": {
        "credit": 0,
        "debit": 0,
      },
    },
  },
}
`;

exports[`RunwayProvider buildRenderData()  2`] = `
{
  "given": {},
  "returns": {
    "months": [
      {
        "balance": {
          "end": 0,
          "start": 0,
        },
        "credit": 0,
        "debit": 0,
        "label": "Apr 24",
      },
    ],
    "total": {
      "funds": 0,
      "monthly": {
        "credit": 0,
        "debit": 0,
      },
      "oneTime": {
        "credit": 0,
        "debit": 0,
      },
    },
  },
}
`;

exports[`RunwayProvider buildRenderData()  3`] = `
{
  "given": {
    "funds": [
      {
        "amount": 10,
        "name": "",
      },
    ],
  },
  "returns": {
    "months": [
      {
        "balance": {
          "end": 10,
          "start": 10,
        },
        "credit": 0,
        "debit": 0,
        "label": "Apr 24",
      },
      {
        "balance": {
          "end": 10,
          "start": 10,
        },
        "credit": 0,
        "debit": 0,
        "label": "May 24",
      },
      {
        "balance": {
          "end": 10,
          "start": 10,
        },
        "credit": 0,
        "debit": 0,
        "label": "Jun 24",
      },
      {
        "balance": {
          "end": 10,
          "start": 10,
        },
        "credit": 0,
        "debit": 0,
        "label": "Jul 24",
      },
      {
        "balance": {
          "end": 10,
          "start": 10,
        },
        "credit": 0,
        "debit": 0,
        "label": "Aug 24",
      },
      {
        "balance": {
          "end": 10,
          "start": 10,
        },
        "credit": 0,
        "debit": 0,
        "label": "Sep 24",
      },
      {
        "balance": {
          "end": 10,
          "start": 10,
        },
        "credit": 0,
        "debit": 0,
        "label": "Oct 24",
      },
      {
        "balance": {
          "end": 10,
          "start": 10,
        },
        "credit": 0,
        "debit": 0,
        "label": "Nov 24",
      },
      {
        "balance": {
          "end": 10,
          "start": 10,
        },
        "credit": 0,
        "debit": 0,
        "label": "Dec 24",
      },
      {
        "balance": {
          "end": 10,
          "start": 10,
        },
        "credit": 0,
        "debit": 0,
        "label": "Jan 25",
      },
      {
        "balance": {
          "end": 10,
          "start": 10,
        },
        "credit": 0,
        "debit": 0,
        "label": "Feb 25",
      },
      {
        "balance": {
          "end": 10,
          "start": 10,
        },
        "credit": 0,
        "debit": 0,
        "label": "Mar 25",
      },
      {
        "balance": {
          "end": 10,
          "start": 10,
        },
        "credit": 0,
        "debit": 0,
        "label": "Apr 25",
      },
    ],
    "total": {
      "funds": 10,
      "monthly": {
        "credit": 0,
        "debit": 0,
      },
      "oneTime": {
        "credit": 0,
        "debit": 0,
      },
    },
  },
}
`;

exports[`RunwayProvider buildRenderData()  4`] = `
{
  "given": {
    "funds": [
      {
        "amount": 10,
        "name": "",
      },
    ],
    "monthlyDebits": [
      {
        "amount": 1,
        "name": "",
      },
      {
        "amount": 2,
        "name": "",
      },
    ],
  },
  "returns": {
    "months": [
      {
        "balance": {
          "end": 7,
          "start": 10,
        },
        "credit": 0,
        "debit": 3,
        "label": "Apr 24",
      },
      {
        "balance": {
          "end": 4,
          "start": 7,
        },
        "credit": 0,
        "debit": 3,
        "label": "May 24",
      },
      {
        "balance": {
          "end": 1,
          "start": 4,
        },
        "credit": 0,
        "debit": 3,
        "label": "Jun 24",
      },
      {
        "balance": {
          "end": -2,
          "start": 1,
        },
        "credit": 0,
        "debit": 3,
        "label": "Jul 24",
      },
    ],
    "total": {
      "funds": 10,
      "monthly": {
        "credit": 0,
        "debit": 3,
      },
      "oneTime": {
        "credit": 0,
        "debit": 0,
      },
    },
  },
}
`;

exports[`RunwayProvider buildRenderData()  5`] = `
{
  "given": {
    "funds": [
      {
        "amount": 10,
        "name": "",
      },
    ],
    "monthlyCredits": [
      {
        "amount": 1,
        "name": "",
      },
      {
        "amount": 1,
        "name": "",
      },
    ],
    "monthlyDebits": [
      {
        "amount": 3,
        "name": "",
      },
    ],
  },
  "returns": {
    "months": [
      {
        "balance": {
          "end": 9,
          "start": 10,
        },
        "credit": 2,
        "debit": 3,
        "label": "Apr 24",
      },
      {
        "balance": {
          "end": 8,
          "start": 9,
        },
        "credit": 2,
        "debit": 3,
        "label": "May 24",
      },
      {
        "balance": {
          "end": 7,
          "start": 8,
        },
        "credit": 2,
        "debit": 3,
        "label": "Jun 24",
      },
      {
        "balance": {
          "end": 6,
          "start": 7,
        },
        "credit": 2,
        "debit": 3,
        "label": "Jul 24",
      },
      {
        "balance": {
          "end": 5,
          "start": 6,
        },
        "credit": 2,
        "debit": 3,
        "label": "Aug 24",
      },
      {
        "balance": {
          "end": 4,
          "start": 5,
        },
        "credit": 2,
        "debit": 3,
        "label": "Sep 24",
      },
      {
        "balance": {
          "end": 3,
          "start": 4,
        },
        "credit": 2,
        "debit": 3,
        "label": "Oct 24",
      },
      {
        "balance": {
          "end": 2,
          "start": 3,
        },
        "credit": 2,
        "debit": 3,
        "label": "Nov 24",
      },
      {
        "balance": {
          "end": 1,
          "start": 2,
        },
        "credit": 2,
        "debit": 3,
        "label": "Dec 24",
      },
      {
        "balance": {
          "end": 0,
          "start": 1,
        },
        "credit": 2,
        "debit": 3,
        "label": "Jan 25",
      },
    ],
    "total": {
      "funds": 10,
      "monthly": {
        "credit": 2,
        "debit": 3,
      },
      "oneTime": {
        "credit": 0,
        "debit": 0,
      },
    },
  },
}
`;

exports[`RunwayProvider buildRenderData()  6`] = `
{
  "given": {
    "funds": [
      {
        "amount": 10,
        "name": "",
      },
    ],
    "monthlyCredits": [
      {
        "amount": 2,
        "name": "",
      },
    ],
    "monthlyDebits": [
      {
        "amount": 3,
        "name": "",
      },
    ],
    "oneTimeDebits": [
      {
        "amount": 1,
        "name": "",
      },
      {
        "amount": 1,
        "name": "",
      },
      {
        "amount": 1,
        "name": "",
      },
    ],
  },
  "returns": {
    "months": [
      {
        "balance": {
          "end": 6,
          "start": 7,
        },
        "credit": 2,
        "debit": 3,
        "label": "Apr 24",
      },
      {
        "balance": {
          "end": 5,
          "start": 6,
        },
        "credit": 2,
        "debit": 3,
        "label": "May 24",
      },
      {
        "balance": {
          "end": 4,
          "start": 5,
        },
        "credit": 2,
        "debit": 3,
        "label": "Jun 24",
      },
      {
        "balance": {
          "end": 3,
          "start": 4,
        },
        "credit": 2,
        "debit": 3,
        "label": "Jul 24",
      },
      {
        "balance": {
          "end": 2,
          "start": 3,
        },
        "credit": 2,
        "debit": 3,
        "label": "Aug 24",
      },
      {
        "balance": {
          "end": 1,
          "start": 2,
        },
        "credit": 2,
        "debit": 3,
        "label": "Sep 24",
      },
      {
        "balance": {
          "end": 0,
          "start": 1,
        },
        "credit": 2,
        "debit": 3,
        "label": "Oct 24",
      },
    ],
    "total": {
      "funds": 10,
      "monthly": {
        "credit": 2,
        "debit": 3,
      },
      "oneTime": {
        "credit": 0,
        "debit": 3,
      },
    },
  },
}
`;

exports[`RunwayProvider buildRenderData()  7`] = `
{
  "given": {
    "funds": [
      {
        "amount": 10,
        "name": "",
      },
    ],
    "monthlyCredits": [
      {
        "amount": 2,
        "name": "",
      },
    ],
    "monthlyDebits": [
      {
        "amount": 3,
        "name": "",
      },
    ],
    "oneTimeCredits": [
      {
        "amount": 1,
        "name": "",
      },
      {
        "amount": 1,
        "name": "",
      },
      {
        "amount": 1,
        "name": "",
      },
    ],
    "oneTimeDebits": [
      {
        "amount": 3,
        "name": "",
      },
    ],
  },
  "returns": {
    "months": [
      {
        "balance": {
          "end": 9,
          "start": 10,
        },
        "credit": 2,
        "debit": 3,
        "label": "Apr 24",
      },
      {
        "balance": {
          "end": 8,
          "start": 9,
        },
        "credit": 2,
        "debit": 3,
        "label": "May 24",
      },
      {
        "balance": {
          "end": 7,
          "start": 8,
        },
        "credit": 2,
        "debit": 3,
        "label": "Jun 24",
      },
      {
        "balance": {
          "end": 6,
          "start": 7,
        },
        "credit": 2,
        "debit": 3,
        "label": "Jul 24",
      },
      {
        "balance": {
          "end": 5,
          "start": 6,
        },
        "credit": 2,
        "debit": 3,
        "label": "Aug 24",
      },
      {
        "balance": {
          "end": 4,
          "start": 5,
        },
        "credit": 2,
        "debit": 3,
        "label": "Sep 24",
      },
      {
        "balance": {
          "end": 3,
          "start": 4,
        },
        "credit": 2,
        "debit": 3,
        "label": "Oct 24",
      },
      {
        "balance": {
          "end": 2,
          "start": 3,
        },
        "credit": 2,
        "debit": 3,
        "label": "Nov 24",
      },
      {
        "balance": {
          "end": 1,
          "start": 2,
        },
        "credit": 2,
        "debit": 3,
        "label": "Dec 24",
      },
      {
        "balance": {
          "end": 0,
          "start": 1,
        },
        "credit": 2,
        "debit": 3,
        "label": "Jan 25",
      },
    ],
    "total": {
      "funds": 10,
      "monthly": {
        "credit": 2,
        "debit": 3,
      },
      "oneTime": {
        "credit": 3,
        "debit": 3,
      },
    },
  },
}
`;

exports[`RunwayProvider buildRenderData()  8`] = `
{
  "given": {
    "funds": [
      {
        "amount": 10,
        "name": "",
      },
    ],
    "monthlyCredits": [
      {
        "amount": 2,
        "name": "",
      },
    ],
    "monthlyDebits": [
      {
        "amount": 3,
        "name": "",
      },
    ],
    "oneTimeCredits": [
      {
        "amount": 3,
        "name": "",
      },
    ],
    "oneTimeDebits": [
      {
        "amount": 1,
        "date": "2025-01-21",
        "name": "",
      },
      {
        "amount": 3,
        "name": "",
      },
      {
        "amount": 1,
        "date": "2024-08-21",
        "name": "",
      },
    ],
  },
  "returns": {
    "months": [
      {
        "balance": {
          "end": 9,
          "start": 10,
        },
        "credit": 2,
        "debit": 3,
        "label": "Apr 24",
      },
      {
        "balance": {
          "end": 8,
          "start": 9,
        },
        "credit": 2,
        "debit": 3,
        "label": "May 24",
      },
      {
        "balance": {
          "end": 7,
          "start": 8,
        },
        "credit": 2,
        "debit": 3,
        "label": "Jun 24",
      },
      {
        "balance": {
          "end": 6,
          "start": 7,
        },
        "credit": 2,
        "debit": 3,
        "label": "Jul 24",
      },
      {
        "balance": {
          "end": 4,
          "start": 6,
        },
        "credit": 2,
        "debit": 4,
        "label": "Aug 24",
      },
      {
        "balance": {
          "end": 3,
          "start": 4,
        },
        "credit": 2,
        "debit": 3,
        "label": "Sep 24",
      },
      {
        "balance": {
          "end": 2,
          "start": 3,
        },
        "credit": 2,
        "debit": 3,
        "label": "Oct 24",
      },
      {
        "balance": {
          "end": 1,
          "start": 2,
        },
        "credit": 2,
        "debit": 3,
        "label": "Nov 24",
      },
      {
        "balance": {
          "end": 0,
          "start": 1,
        },
        "credit": 2,
        "debit": 3,
        "label": "Dec 24",
      },
    ],
    "total": {
      "funds": 10,
      "monthly": {
        "credit": 2,
        "debit": 3,
      },
      "oneTime": {
        "credit": 3,
        "debit": 5,
      },
    },
  },
}
`;

exports[`RunwayProvider buildRenderData()  9`] = `
{
  "given": {
    "funds": [
      {
        "amount": 10,
        "name": "",
      },
    ],
    "monthlyCredits": [
      {
        "amount": 2,
        "name": "",
      },
    ],
    "monthlyDebits": [
      {
        "amount": 3,
        "name": "",
      },
    ],
    "oneTimeCredits": [
      {
        "amount": 1,
        "date": "2025-01-21",
        "name": "",
      },
      {
        "amount": 3,
        "name": "",
      },
      {
        "amount": 1,
        "date": "2024-08-21",
        "name": "",
      },
    ],
    "oneTimeDebits": [
      {
        "amount": 1,
        "date": "2025-01-21",
        "name": "",
      },
      {
        "amount": 3,
        "name": "",
      },
      {
        "amount": 1,
        "date": "2024-08-21",
        "name": "",
      },
    ],
  },
  "returns": {
    "months": [
      {
        "balance": {
          "end": 9,
          "start": 10,
        },
        "credit": 2,
        "debit": 3,
        "label": "Apr 24",
      },
      {
        "balance": {
          "end": 8,
          "start": 9,
        },
        "credit": 2,
        "debit": 3,
        "label": "May 24",
      },
      {
        "balance": {
          "end": 7,
          "start": 8,
        },
        "credit": 2,
        "debit": 3,
        "label": "Jun 24",
      },
      {
        "balance": {
          "end": 6,
          "start": 7,
        },
        "credit": 2,
        "debit": 3,
        "label": "Jul 24",
      },
      {
        "balance": {
          "end": 5,
          "start": 6,
        },
        "credit": 3,
        "debit": 4,
        "label": "Aug 24",
      },
      {
        "balance": {
          "end": 4,
          "start": 5,
        },
        "credit": 2,
        "debit": 3,
        "label": "Sep 24",
      },
      {
        "balance": {
          "end": 3,
          "start": 4,
        },
        "credit": 2,
        "debit": 3,
        "label": "Oct 24",
      },
      {
        "balance": {
          "end": 2,
          "start": 3,
        },
        "credit": 2,
        "debit": 3,
        "label": "Nov 24",
      },
      {
        "balance": {
          "end": 1,
          "start": 2,
        },
        "credit": 2,
        "debit": 3,
        "label": "Dec 24",
      },
      {
        "balance": {
          "end": 0,
          "start": 1,
        },
        "credit": 3,
        "debit": 4,
        "label": "Jan 25",
      },
    ],
    "total": {
      "funds": 10,
      "monthly": {
        "credit": 2,
        "debit": 3,
      },
      "oneTime": {
        "credit": 5,
        "debit": 5,
      },
    },
  },
}
`;

exports[`RunwayProvider buildRenderData()  10`] = `
{
  "given": {
    "funds": [
      {
        "amount": 10,
        "name": "",
      },
    ],
    "monthlyCredits": [
      {
        "amount": 2,
        "name": "",
      },
    ],
    "monthlyDebits": [
      {
        "amount": 3,
        "name": "",
      },
    ],
    "oneTimeCredits": [
      {
        "amount": 1,
        "date": "2025-01-21",
        "name": "",
      },
      {
        "amount": 3,
        "name": "",
      },
      {
        "amount": 1,
        "date": "2024-08-21",
        "name": "",
      },
      {
        "amount": 1,
        "date": "2025-05-01",
        "name": "",
      },
      {
        "amount": 1,
        "date": "2025-04-25",
        "name": "",
      },
    ],
    "oneTimeDebits": [
      {
        "amount": 1,
        "date": "2025-01-21",
        "name": "",
      },
      {
        "amount": 3,
        "name": "",
      },
      {
        "amount": 1,
        "date": "2024-08-21",
        "name": "",
      },
      {
        "amount": 1,
        "date": "2025-05-01",
        "name": "",
      },
      {
        "amount": 1,
        "date": "2025-04-25",
        "name": "",
      },
    ],
  },
  "returns": {
    "months": [
      {
        "balance": {
          "end": 9,
          "start": 10,
        },
        "credit": 2,
        "debit": 3,
        "label": "Apr 24",
      },
      {
        "balance": {
          "end": 8,
          "start": 9,
        },
        "credit": 2,
        "debit": 3,
        "label": "May 24",
      },
      {
        "balance": {
          "end": 7,
          "start": 8,
        },
        "credit": 2,
        "debit": 3,
        "label": "Jun 24",
      },
      {
        "balance": {
          "end": 6,
          "start": 7,
        },
        "credit": 2,
        "debit": 3,
        "label": "Jul 24",
      },
      {
        "balance": {
          "end": 5,
          "start": 6,
        },
        "credit": 3,
        "debit": 4,
        "label": "Aug 24",
      },
      {
        "balance": {
          "end": 4,
          "start": 5,
        },
        "credit": 2,
        "debit": 3,
        "label": "Sep 24",
      },
      {
        "balance": {
          "end": 3,
          "start": 4,
        },
        "credit": 2,
        "debit": 3,
        "label": "Oct 24",
      },
      {
        "balance": {
          "end": 2,
          "start": 3,
        },
        "credit": 2,
        "debit": 3,
        "label": "Nov 24",
      },
      {
        "balance": {
          "end": 1,
          "start": 2,
        },
        "credit": 2,
        "debit": 3,
        "label": "Dec 24",
      },
      {
        "balance": {
          "end": 0,
          "start": 1,
        },
        "credit": 3,
        "debit": 4,
        "label": "Jan 25",
      },
      {
        "balance": {
          "end": -1,
          "start": 0,
        },
        "credit": 2,
        "debit": 3,
        "label": "Feb 25",
      },
      {
        "balance": {
          "end": -2,
          "start": -1,
        },
        "credit": 2,
        "debit": 3,
        "label": "Mar 25",
      },
      {
        "balance": {
          "end": -3,
          "start": -2,
        },
        "credit": 3,
        "debit": 4,
        "label": "Apr 25",
      },
    ],
    "total": {
      "funds": 10,
      "monthly": {
        "credit": 2,
        "debit": 3,
      },
      "oneTime": {
        "credit": 6,
        "debit": 7,
      },
    },
  },
}
`;

exports[`RunwayProvider buildRenderData() transforms form data to visualizer schema 1`] = `
{
  "given": {
    "0": null,
  },
  "returns": {
    "months": [
      {
        "balance": {
          "end": 0,
          "start": 0,
        },
        "credit": 0,
        "debit": 0,
        "label": "Apr 24",
      },
    ],
    "total": {
      "funds": 0,
      "monthly": {
        "credit": 0,
        "debit": 0,
      },
      "oneTime": {
        "credit": 0,
        "debit": 0,
      },
    },
  },
}
`;

exports[`RunwayProvider buildRenderData() transforms form data to visualizer schema 2`] = `
{
  "given": {},
  "returns": {
    "months": [
      {
        "balance": {
          "end": 0,
          "start": 0,
        },
        "credit": 0,
        "debit": 0,
        "label": "Apr 24",
      },
    ],
    "total": {
      "funds": 0,
      "monthly": {
        "credit": 0,
        "debit": 0,
      },
      "oneTime": {
        "credit": 0,
        "debit": 0,
      },
    },
  },
}
`;

exports[`RunwayProvider buildRenderData() transforms form data to visualizer schema 3`] = `
{
  "given": {
    "funds": [
      {
        "amount": 10,
        "name": "",
      },
    ],
  },
  "returns": {
    "months": [
      {
        "balance": {
          "end": 10,
          "start": 10,
        },
        "credit": 0,
        "debit": 0,
        "label": "Apr 24",
      },
      {
        "balance": {
          "end": 10,
          "start": 10,
        },
        "credit": 0,
        "debit": 0,
        "label": "May 24",
      },
      {
        "balance": {
          "end": 10,
          "start": 10,
        },
        "credit": 0,
        "debit": 0,
        "label": "Jun 24",
      },
      {
        "balance": {
          "end": 10,
          "start": 10,
        },
        "credit": 0,
        "debit": 0,
        "label": "Jul 24",
      },
      {
        "balance": {
          "end": 10,
          "start": 10,
        },
        "credit": 0,
        "debit": 0,
        "label": "Aug 24",
      },
      {
        "balance": {
          "end": 10,
          "start": 10,
        },
        "credit": 0,
        "debit": 0,
        "label": "Sep 24",
      },
      {
        "balance": {
          "end": 10,
          "start": 10,
        },
        "credit": 0,
        "debit": 0,
        "label": "Oct 24",
      },
      {
        "balance": {
          "end": 10,
          "start": 10,
        },
        "credit": 0,
        "debit": 0,
        "label": "Nov 24",
      },
      {
        "balance": {
          "end": 10,
          "start": 10,
        },
        "credit": 0,
        "debit": 0,
        "label": "Dec 24",
      },
      {
        "balance": {
          "end": 10,
          "start": 10,
        },
        "credit": 0,
        "debit": 0,
        "label": "Jan 25",
      },
      {
        "balance": {
          "end": 10,
          "start": 10,
        },
        "credit": 0,
        "debit": 0,
        "label": "Feb 25",
      },
      {
        "balance": {
          "end": 10,
          "start": 10,
        },
        "credit": 0,
        "debit": 0,
        "label": "Mar 25",
      },
      {
        "balance": {
          "end": 10,
          "start": 10,
        },
        "credit": 0,
        "debit": 0,
        "label": "Apr 25",
      },
    ],
    "total": {
      "funds": 10,
      "monthly": {
        "credit": 0,
        "debit": 0,
      },
      "oneTime": {
        "credit": 0,
        "debit": 0,
      },
    },
  },
}
`;

exports[`RunwayProvider buildRenderData() transforms form data to visualizer schema 4`] = `
{
  "given": {
    "funds": [
      {
        "amount": 10,
        "name": "",
      },
    ],
    "monthlyDebits": [
      {
        "amount": 1,
        "name": "",
      },
      {
        "amount": 3,
        "name": "",
      },
    ],
  },
  "returns": {
    "months": [
      {
        "balance": {
          "end": 6,
          "start": 10,
        },
        "credit": 0,
        "debit": 4,
        "label": "Apr 24",
      },
      {
        "balance": {
          "end": 2,
          "start": 6,
        },
        "credit": 0,
        "debit": 4,
        "label": "May 24",
      },
      {
        "balance": {
          "end": -2,
          "start": 2,
        },
        "credit": 0,
        "debit": 4,
        "label": "Jun 24",
      },
    ],
    "total": {
      "funds": 10,
      "monthly": {
        "credit": 0,
        "debit": 4,
      },
      "oneTime": {
        "credit": 0,
        "debit": 0,
      },
    },
  },
}
`;

exports[`RunwayProvider buildRenderData() transforms form data to visualizer schema 5`] = `
{
  "given": {
    "funds": [
      {
        "amount": 10,
        "name": "",
      },
    ],
    "monthlyCredits": [
      {
        "amount": 1,
        "name": "",
      },
      {
        "amount": 1,
        "name": "",
      },
    ],
    "monthlyDebits": [
      {
        "amount": 4,
        "name": "",
      },
    ],
  },
  "returns": {
    "months": [
      {
        "balance": {
          "end": 8,
          "start": 10,
        },
        "credit": 2,
        "debit": 4,
        "label": "Apr 24",
      },
      {
        "balance": {
          "end": 6,
          "start": 8,
        },
        "credit": 2,
        "debit": 4,
        "label": "May 24",
      },
      {
        "balance": {
          "end": 4,
          "start": 6,
        },
        "credit": 2,
        "debit": 4,
        "label": "Jun 24",
      },
      {
        "balance": {
          "end": 2,
          "start": 4,
        },
        "credit": 2,
        "debit": 4,
        "label": "Jul 24",
      },
      {
        "balance": {
          "end": 0,
          "start": 2,
        },
        "credit": 2,
        "debit": 4,
        "label": "Aug 24",
      },
    ],
    "total": {
      "funds": 10,
      "monthly": {
        "credit": 2,
        "debit": 4,
      },
      "oneTime": {
        "credit": 0,
        "debit": 0,
      },
    },
  },
}
`;

exports[`RunwayProvider buildRenderData() transforms form data to visualizer schema 6`] = `
{
  "given": {
    "funds": [
      {
        "amount": 10,
        "name": "",
      },
    ],
    "monthlyCredits": [
      {
        "amount": 2,
        "name": "",
      },
    ],
    "monthlyDebits": [
      {
        "amount": 4,
        "name": "",
      },
    ],
    "oneTimeDebits": [
      {
        "amount": 1,
        "name": "",
      },
      {
        "amount": 1,
        "name": "",
      },
      {
        "amount": 1,
        "name": "",
      },
    ],
  },
  "returns": {
    "months": [
      {
        "balance": {
          "end": 5,
          "start": 7,
        },
        "credit": 2,
        "debit": 4,
        "label": "Apr 24",
      },
      {
        "balance": {
          "end": 3,
          "start": 5,
        },
        "credit": 2,
        "debit": 4,
        "label": "May 24",
      },
      {
        "balance": {
          "end": 1,
          "start": 3,
        },
        "credit": 2,
        "debit": 4,
        "label": "Jun 24",
      },
      {
        "balance": {
          "end": -1,
          "start": 1,
        },
        "credit": 2,
        "debit": 4,
        "label": "Jul 24",
      },
    ],
    "total": {
      "funds": 10,
      "monthly": {
        "credit": 2,
        "debit": 4,
      },
      "oneTime": {
        "credit": 0,
        "debit": 3,
      },
    },
  },
}
`;

exports[`RunwayProvider buildRenderData() transforms form data to visualizer schema 7`] = `
{
  "given": {
    "funds": [
      {
        "amount": 10,
        "name": "",
      },
    ],
    "monthlyCredits": [
      {
        "amount": 2,
        "name": "",
      },
    ],
    "monthlyDebits": [
      {
        "amount": 4,
        "name": "",
      },
    ],
    "oneTimeCredits": [
      {
        "amount": 1,
        "name": "",
      },
      {
        "amount": 1,
        "name": "",
      },
      {
        "amount": 1,
        "name": "",
      },
      {
        "amount": 1,
        "name": "",
      },
    ],
    "oneTimeDebits": [
      {
        "amount": 3,
        "name": "",
      },
    ],
  },
  "returns": {
    "months": [
      {
        "balance": {
          "end": 9,
          "start": 11,
        },
        "credit": 2,
        "debit": 4,
        "label": "Apr 24",
      },
      {
        "balance": {
          "end": 7,
          "start": 9,
        },
        "credit": 2,
        "debit": 4,
        "label": "May 24",
      },
      {
        "balance": {
          "end": 5,
          "start": 7,
        },
        "credit": 2,
        "debit": 4,
        "label": "Jun 24",
      },
      {
        "balance": {
          "end": 3,
          "start": 5,
        },
        "credit": 2,
        "debit": 4,
        "label": "Jul 24",
      },
      {
        "balance": {
          "end": 1,
          "start": 3,
        },
        "credit": 2,
        "debit": 4,
        "label": "Aug 24",
      },
      {
        "balance": {
          "end": -1,
          "start": 1,
        },
        "credit": 2,
        "debit": 4,
        "label": "Sep 24",
      },
    ],
    "total": {
      "funds": 10,
      "monthly": {
        "credit": 2,
        "debit": 4,
      },
      "oneTime": {
        "credit": 4,
        "debit": 3,
      },
    },
  },
}
`;

exports[`RunwayProvider buildRenderData() transforms form data to visualizer schema 8`] = `
{
  "given": {
    "funds": [
      {
        "amount": 10,
        "name": "",
      },
    ],
    "monthlyCredits": [
      {
        "amount": 2,
        "name": "",
      },
    ],
    "monthlyDebits": [
      {
        "amount": 4,
        "name": "",
      },
    ],
    "oneTimeCredits": [
      {
        "amount": 4,
        "name": "",
      },
    ],
    "oneTimeDebits": [
      {
        "amount": 1,
        "date": "2025-01-21",
        "name": "",
      },
      {
        "amount": 3,
        "name": "",
      },
      {
        "amount": 1,
        "date": "2024-08-21",
        "name": "",
      },
    ],
  },
  "returns": {
    "months": [
      {
        "balance": {
          "end": 9,
          "start": 11,
        },
        "credit": 2,
        "debit": 4,
        "label": "Apr 24",
      },
      {
        "balance": {
          "end": 7,
          "start": 9,
        },
        "credit": 2,
        "debit": 4,
        "label": "May 24",
      },
      {
        "balance": {
          "end": 5,
          "start": 7,
        },
        "credit": 2,
        "debit": 4,
        "label": "Jun 24",
      },
      {
        "balance": {
          "end": 3,
          "start": 5,
        },
        "credit": 2,
        "debit": 4,
        "label": "Jul 24",
      },
      {
        "balance": {
          "end": 0,
          "start": 3,
        },
        "credit": 2,
        "debit": 5,
        "label": "Aug 24",
      },
    ],
    "total": {
      "funds": 10,
      "monthly": {
        "credit": 2,
        "debit": 4,
      },
      "oneTime": {
        "credit": 4,
        "debit": 5,
      },
    },
  },
}
`;

exports[`RunwayProvider buildRenderData() transforms form data to visualizer schema 9`] = `
{
  "given": {
    "funds": [
      {
        "amount": 10,
        "name": "",
      },
    ],
    "monthlyCredits": [
      {
        "amount": 2,
        "name": "",
      },
    ],
    "monthlyDebits": [
      {
        "amount": 4,
        "name": "",
      },
    ],
    "oneTimeCredits": [
      {
        "amount": 1,
        "date": "2025-01-21",
        "name": "",
      },
      {
        "amount": 4,
        "name": "",
      },
      {
        "amount": 1,
        "date": "2024-08-21",
        "name": "",
      },
    ],
    "oneTimeDebits": [
      {
        "amount": 1,
        "date": "2025-01-21",
        "name": "",
      },
      {
        "amount": 3,
        "name": "",
      },
      {
        "amount": 1,
        "date": "2024-08-21",
        "name": "",
      },
    ],
  },
  "returns": {
    "months": [
      {
        "balance": {
          "end": 9,
          "start": 11,
        },
        "credit": 2,
        "debit": 4,
        "label": "Apr 24",
      },
      {
        "balance": {
          "end": 7,
          "start": 9,
        },
        "credit": 2,
        "debit": 4,
        "label": "May 24",
      },
      {
        "balance": {
          "end": 5,
          "start": 7,
        },
        "credit": 2,
        "debit": 4,
        "label": "Jun 24",
      },
      {
        "balance": {
          "end": 3,
          "start": 5,
        },
        "credit": 2,
        "debit": 4,
        "label": "Jul 24",
      },
      {
        "balance": {
          "end": 1,
          "start": 3,
        },
        "credit": 3,
        "debit": 5,
        "label": "Aug 24",
      },
      {
        "balance": {
          "end": -1,
          "start": 1,
        },
        "credit": 2,
        "debit": 4,
        "label": "Sep 24",
      },
      {
        "balance": {
          "end": -3,
          "start": -1,
        },
        "credit": 2,
        "debit": 4,
        "label": "Oct 24",
      },
      {
        "balance": {
          "end": -5,
          "start": -3,
        },
        "credit": 2,
        "debit": 4,
        "label": "Nov 24",
      },
      {
        "balance": {
          "end": -7,
          "start": -5,
        },
        "credit": 2,
        "debit": 4,
        "label": "Dec 24",
      },
      {
        "balance": {
          "end": -9,
          "start": -7,
        },
        "credit": 3,
        "debit": 5,
        "label": "Jan 25",
      },
    ],
    "total": {
      "funds": 10,
      "monthly": {
        "credit": 2,
        "debit": 4,
      },
      "oneTime": {
        "credit": 6,
        "debit": 5,
      },
    },
  },
}
`;

exports[`RunwayProvider buildRenderData() transforms form data to visualizer schema 10`] = `
{
  "given": {
    "funds": [
      {
        "amount": 10,
        "name": "",
      },
    ],
    "monthlyCredits": [
      {
        "amount": 2,
        "name": "",
      },
    ],
    "monthlyDebits": [
      {
        "amount": 4,
        "name": "",
      },
    ],
    "oneTimeCredits": [
      {
        "amount": 1,
        "date": "2025-01-21",
        "name": "",
      },
      {
        "amount": 4,
        "name": "",
      },
      {
        "amount": 1,
        "date": "2024-08-21",
        "name": "",
      },
      {
        "amount": 1,
        "date": "2025-05-01",
        "name": "",
      },
      {
        "amount": 1,
        "date": "2025-04-25",
        "name": "",
      },
    ],
    "oneTimeDebits": [
      {
        "amount": 1,
        "date": "2025-01-21",
        "name": "",
      },
      {
        "amount": 3,
        "name": "",
      },
      {
        "amount": 1,
        "date": "2024-08-21",
        "name": "",
      },
      {
        "amount": 1,
        "date": "2025-05-01",
        "name": "",
      },
      {
        "amount": 1,
        "date": "2025-04-25",
        "name": "",
      },
    ],
  },
  "returns": {
    "months": [
      {
        "balance": {
          "end": 9,
          "start": 11,
        },
        "credit": 2,
        "debit": 4,
        "label": "Apr 24",
      },
      {
        "balance": {
          "end": 7,
          "start": 9,
        },
        "credit": 2,
        "debit": 4,
        "label": "May 24",
      },
      {
        "balance": {
          "end": 5,
          "start": 7,
        },
        "credit": 2,
        "debit": 4,
        "label": "Jun 24",
      },
      {
        "balance": {
          "end": 3,
          "start": 5,
        },
        "credit": 2,
        "debit": 4,
        "label": "Jul 24",
      },
      {
        "balance": {
          "end": 1,
          "start": 3,
        },
        "credit": 3,
        "debit": 5,
        "label": "Aug 24",
      },
      {
        "balance": {
          "end": -1,
          "start": 1,
        },
        "credit": 2,
        "debit": 4,
        "label": "Sep 24",
      },
      {
        "balance": {
          "end": -3,
          "start": -1,
        },
        "credit": 2,
        "debit": 4,
        "label": "Oct 24",
      },
      {
        "balance": {
          "end": -5,
          "start": -3,
        },
        "credit": 2,
        "debit": 4,
        "label": "Nov 24",
      },
      {
        "balance": {
          "end": -7,
          "start": -5,
        },
        "credit": 2,
        "debit": 4,
        "label": "Dec 24",
      },
      {
        "balance": {
          "end": -9,
          "start": -7,
        },
        "credit": 3,
        "debit": 5,
        "label": "Jan 25",
      },
      {
        "balance": {
          "end": -11,
          "start": -9,
        },
        "credit": 2,
        "debit": 4,
        "label": "Feb 25",
      },
      {
        "balance": {
          "end": -13,
          "start": -11,
        },
        "credit": 2,
        "debit": 4,
        "label": "Mar 25",
      },
      {
        "balance": {
          "end": -15,
          "start": -13,
        },
        "credit": 3,
        "debit": 5,
        "label": "Apr 25",
      },
    ],
    "total": {
      "funds": 10,
      "monthly": {
        "credit": 2,
        "debit": 4,
      },
      "oneTime": {
        "credit": 7,
        "debit": 7,
      },
    },
  },
}
`;
