// Jest Snapshot v1, https://goo.gl/fbAQLP

exports[`HomePage renders the onboarding form 1`] = `
{
  "asFragment": [Function],
  "baseElement": <body>
    <div>
      <form
        class="flex flex-col gap-4 sm:gap-8"
      >
        <input
          id="id"
          name="id"
          type="hidden"
        />
        <h2
          class="py-4 sm:py-8 text-center text-2xl"
        >
          How much cash do you have?
        </h2>
        <div
          class="flex flex-col items-stretch gap-2 sm:items-end sm:gap-4"
        >
          <ul
            class="flex w-full flex-col gap-4 sm:gap-2"
          >
            <li
              class="group/label flex flex-wrap gap-2 sm:items-end"
            >
              <div
                class="flex w-full flex-grow flex-wrap gap-2 xs:w-auto"
              >
                <div
                  class="flex flex-grow flex-col flex-wrap gap-2 sm:flex-row"
                >
                  <div
                    class="flex flex-grow flex-col flex-wrap gap-2"
                  >
                    <label
                      class="text-xs uppercase group-first-of-type/label:inline sm:hidden sm:text-sm"
                      for="funds.0.name"
                    >
                      Name
                    </label>
                    <input
                      class="rounded-lg border border-black p-2"
                      id="funds.0.name"
                      name="funds.0.name"
                      type="text"
                    />
                  </div>
                  <div
                    class="flex flex-grow flex-col flex-wrap gap-2"
                  >
                    <label
                      class="text-xs uppercase group-first-of-type/label:inline sm:hidden sm:text-sm"
                      for="funds.0.amount"
                    >
                      Amount
                    </label>
                    <div
                      class="relative flex"
                    >
                      <div
                        class="pointer-events-none absolute inset-y-0 left-0 flex items-center pl-3"
                      >
                        <span
                          class="text-gray-500"
                        >
                          $
                        </span>
                      </div>
                      <input
                        class="flex-grow rounded-lg border border-black p-2 pl-6"
                        id="funds.0.amount"
                        min="0"
                        name="funds.0.amount"
                        type="number"
                      />
                    </div>
                  </div>
                </div>
              </div>
              <button
                class="ml-auto mt-0 flex-grow rounded-lg border-4 border-double border-black p-2 xs:mt-6 xs:flex-shrink xs:flex-grow-0 sm:mt-0"
                type="button"
              >
                <span
                  class="flex items-center justify-evenly"
                >
                  <span
                    class="flex items-center gap-2 text-xs uppercase "
                  >
                    <svg
                      aria-hidden="true"
                      class="h-4 w-auto"
                      fill="currentColor"
                      height="1em"
                      viewBox="0 0 256 256"
                      width="1em"
                      xmlns="http://www.w3.org/2000/svg"
                    >
                      <path
                        d="M224,128a96,96,0,0,1-94.71,96H128A95.38,95.38,0,0,1,62.1,197.8a8,8,0,0,1,11-11.63A80,80,0,1,0,71.43,71.39a3.07,3.07,0,0,1-.26.25L44.59,96H72a8,8,0,0,1,0,16H24a8,8,0,0,1-8-8V56a8,8,0,0,1,16,0V85.8L60.25,60A96,96,0,0,1,224,128Z"
                      />
                    </svg>
                    <span
                      class="xs:hidden"
                    >
                      Reset
                    </span>
                  </span>
                </span>
              </button>
            </li>
          </ul>
          <button
            class="rounded-lg border-4 border-double border-black px-4 py-2 uppercase"
            type="button"
          >
            <span
              class="flex items-center justify-center gap-1 text-xs uppercase tracking-wide"
            >
              Add funds
              <svg
                class="h-4 w-auto"
                fill="currentColor"
                height="1em"
                viewBox="0 0 256 256"
                width="1em"
                xmlns="http://www.w3.org/2000/svg"
              >
                <path
                  d="M224,128a8,8,0,0,1-8,8H136v80a8,8,0,0,1-16,0V136H40a8,8,0,0,1,0-16h80V40a8,8,0,0,1,16,0v80h80A8,8,0,0,1,224,128Z"
                />
              </svg>
            </span>
          </button>
        </div>
        <h2
          class="py-4 sm:py-8 text-center text-2xl"
        >
          How much are you spending each month?
        </h2>
        <div
          class="flex flex-col items-stretch gap-2 sm:items-end sm:gap-4"
        >
          <ul
            class="flex w-full flex-col gap-4 sm:gap-2"
          >
            <li
              class="group/label flex flex-wrap gap-2 sm:items-end"
            >
              <div
                class="flex w-full flex-grow flex-wrap gap-2 xs:w-auto"
              >
                <div
                  class="flex flex-grow flex-col flex-wrap gap-2 sm:flex-row"
                >
                  <div
                    class="flex flex-grow flex-col flex-wrap gap-2"
                  >
                    <label
                      class="text-xs uppercase group-first-of-type/label:inline sm:hidden sm:text-sm"
                      for="monthlyDebits.0.name"
                    >
                      Name
                    </label>
                    <input
                      class="rounded-lg border border-black p-2"
                      id="monthlyDebits.0.name"
                      name="monthlyDebits.0.name"
                      type="text"
                    />
                  </div>
                  <div
                    class="flex flex-grow flex-col flex-wrap gap-2"
                  >
                    <label
                      class="text-xs uppercase group-first-of-type/label:inline sm:hidden sm:text-sm"
                      for="monthlyDebits.0.amount"
                    >
                      Amount
                    </label>
                    <div
                      class="relative flex"
                    >
                      <div
                        class="pointer-events-none absolute inset-y-0 left-0 flex items-center pl-3"
                      >
                        <span
                          class="text-gray-500"
                        >
                          $
                        </span>
                      </div>
                      <input
                        class="flex-grow rounded-lg border border-black p-2 pl-6"
                        id="monthlyDebits.0.amount"
                        min="0"
                        name="monthlyDebits.0.amount"
                        type="number"
                      />
                    </div>
                  </div>
                </div>
              </div>
              <button
                class="ml-auto mt-0 flex-grow rounded-lg border-4 border-double border-black p-2 xs:mt-6 xs:flex-shrink xs:flex-grow-0 sm:mt-0"
                type="button"
              >
                <span
                  class="flex items-center justify-evenly"
                >
                  <span
                    class="flex items-center gap-2 text-xs uppercase "
                  >
                    <svg
                      aria-hidden="true"
                      class="h-4 w-auto"
                      fill="currentColor"
                      height="1em"
                      viewBox="0 0 256 256"
                      width="1em"
                      xmlns="http://www.w3.org/2000/svg"
                    >
                      <path
                        d="M224,128a96,96,0,0,1-94.71,96H128A95.38,95.38,0,0,1,62.1,197.8a8,8,0,0,1,11-11.63A80,80,0,1,0,71.43,71.39a3.07,3.07,0,0,1-.26.25L44.59,96H72a8,8,0,0,1,0,16H24a8,8,0,0,1-8-8V56a8,8,0,0,1,16,0V85.8L60.25,60A96,96,0,0,1,224,128Z"
                      />
                    </svg>
                    <span
                      class="xs:hidden"
                    >
                      Reset
                    </span>
                  </span>
                </span>
              </button>
            </li>
          </ul>
          <button
            class="rounded-lg border-4 border-double border-black px-4 py-2 uppercase"
            type="button"
          >
            <span
              class="flex items-center justify-center gap-1 text-xs uppercase tracking-wide"
            >
              Add expense
              <svg
                class="h-4 w-auto"
                fill="currentColor"
                height="1em"
                viewBox="0 0 256 256"
                width="1em"
                xmlns="http://www.w3.org/2000/svg"
              >
                <path
                  d="M224,128a8,8,0,0,1-8,8H136v80a8,8,0,0,1-16,0V136H40a8,8,0,0,1,0-16h80V40a8,8,0,0,1,16,0v80h80A8,8,0,0,1,224,128Z"
                />
              </svg>
            </span>
          </button>
        </div>
        <div
          class="flex flex-col-reverse gap-2 border-t-4 border-double border-black pt-4 sm:flex-row sm:justify-between sm:pt-8"
        >
          <div
            class="flex flex-col-reverse items-stretch gap-2 sm:ml-auto sm:flex-row"
          >
            <button
              class="flex items-center justify-center gap-2 rounded-lg border-4 border-double border-black px-4 py-2 uppercase sm:p-3"
            >
              <svg
                class="h-4 w-auto"
                fill="currentColor"
                height="1em"
                viewBox="0 0 256 256"
                width="1em"
                xmlns="http://www.w3.org/2000/svg"
              >
                <path
                  d="M208,32H91.31A15.86,15.86,0,0,0,80,36.69L36.69,80A15.86,15.86,0,0,0,32,91.31V208a16,16,0,0,0,16,16H208a16,16,0,0,0,16-16V48A16,16,0,0,0,208,32Zm0,176H48V91.31L91.31,48H168V80H88a8,8,0,0,0,0,16h80a16,16,0,0,0,16-16V48h24Zm-80-96a40,40,0,1,0,40,40A40,40,0,0,0,128,112Zm0,64a24,24,0,1,1,24-24A24,24,0,0,1,128,176Z"
                />
              </svg>
              <span
                class="inline sm:hidden"
              >
                Save / Load
              </span>
            </button>
            <button
              class="flex items-center justify-center gap-2 rounded-lg border-4 border-double border-black px-4 py-2 uppercase"
              type="submit"
            >
              Build Runway
              <svg
                class="h-4 w-auto"
                fill="currentColor"
                height="1em"
                viewBox="0 0 256 256"
                width="1em"
                xmlns="http://www.w3.org/2000/svg"
              >
                <path
                  d="M176,216a8,8,0,0,1-8,8H24a8,8,0,0,1,0-16H168A8,8,0,0,1,176,216ZM247.86,93.15a8,8,0,0,1-3.76,5.39l-147.41,88a40.18,40.18,0,0,1-20.26,5.52,39.78,39.78,0,0,1-27.28-10.87l-.12-.12L13,145.8a16,16,0,0,1,4.49-26.21l3-1.47a8,8,0,0,1,6.08-.4l28.26,9.54L75,115.06,53.17,93.87A16,16,0,0,1,57.7,67.4l.32-.13,7.15-2.71a8,8,0,0,1,5.59,0L124.7,84.38,176.27,53.6a39.82,39.82,0,0,1,51.28,9.12l.12.15,18.64,23.89A8,8,0,0,1,247.86,93.15Zm-19.74-3.7-13-16.67a23.88,23.88,0,0,0-30.68-5.42l-54.8,32.72a8.06,8.06,0,0,1-6.87.64L68,80.58l-4,1.53.21.2L93.57,110.8a8,8,0,0,1-1.43,12.58L59.93,142.87a8,8,0,0,1-6.7.73l-28.67-9.67-.19.1-.37.17a.71.71,0,0,1,.13.12l36,35.26a23.85,23.85,0,0,0,28.42,3.18Z"
                />
              </svg>
            </button>
          </div>
        </div>
      </form>
      <details
        class="mt-24 border-2 border-stone-200 p-1.5 text-stone-400"
      >
        <summary>
          DEVELOPER
        </summary>
        <div
          class="grid grid-cols-1"
        >
          <pre
            class="my-2 overflow-x-auto border-2 border-double border-slate-400 bg-slate-800 p-1 text-stone-200"
          >
            {
  "funds": [
    {
      "name": "",
      "amount": 0
    }
  ],
  "monthlyDebits": [
    {
      "name": "",
      "amount": 0
    }
  ],
  "monthlyCredits": [
    {
      "name": "",
      "amount": 0
    }
  ],
  "oneTimeDebits": [
    {
      "name": "",
      "amount": 0,
      "date": null
    }
  ],
  "oneTimeCredits": [
    {
      "name": "",
      "amount": 0,
      "date": null
    }
  ],
  "scenarios": []
}
          </pre>
        </div>
      </details>
    </div>
  </body>,
  "container": <div>
    <form
      class="flex flex-col gap-4 sm:gap-8"
    >
      <input
        id="id"
        name="id"
        type="hidden"
      />
      <h2
        class="py-4 sm:py-8 text-center text-2xl"
      >
        How much cash do you have?
      </h2>
      <div
        class="flex flex-col items-stretch gap-2 sm:items-end sm:gap-4"
      >
        <ul
          class="flex w-full flex-col gap-4 sm:gap-2"
        >
          <li
            class="group/label flex flex-wrap gap-2 sm:items-end"
          >
            <div
              class="flex w-full flex-grow flex-wrap gap-2 xs:w-auto"
            >
              <div
                class="flex flex-grow flex-col flex-wrap gap-2 sm:flex-row"
              >
                <div
                  class="flex flex-grow flex-col flex-wrap gap-2"
                >
                  <label
                    class="text-xs uppercase group-first-of-type/label:inline sm:hidden sm:text-sm"
                    for="funds.0.name"
                  >
                    Name
                  </label>
                  <input
                    class="rounded-lg border border-black p-2"
                    id="funds.0.name"
                    name="funds.0.name"
                    type="text"
                  />
                </div>
                <div
                  class="flex flex-grow flex-col flex-wrap gap-2"
                >
                  <label
                    class="text-xs uppercase group-first-of-type/label:inline sm:hidden sm:text-sm"
                    for="funds.0.amount"
                  >
                    Amount
                  </label>
                  <div
                    class="relative flex"
                  >
                    <div
                      class="pointer-events-none absolute inset-y-0 left-0 flex items-center pl-3"
                    >
                      <span
                        class="text-gray-500"
                      >
                        $
                      </span>
                    </div>
                    <input
                      class="flex-grow rounded-lg border border-black p-2 pl-6"
                      id="funds.0.amount"
                      min="0"
                      name="funds.0.amount"
                      type="number"
                    />
                  </div>
                </div>
              </div>
            </div>
            <button
              class="ml-auto mt-0 flex-grow rounded-lg border-4 border-double border-black p-2 xs:mt-6 xs:flex-shrink xs:flex-grow-0 sm:mt-0"
              type="button"
            >
              <span
                class="flex items-center justify-evenly"
              >
                <span
                  class="flex items-center gap-2 text-xs uppercase "
                >
                  <svg
                    aria-hidden="true"
                    class="h-4 w-auto"
                    fill="currentColor"
                    height="1em"
                    viewBox="0 0 256 256"
                    width="1em"
                    xmlns="http://www.w3.org/2000/svg"
                  >
                    <path
                      d="M224,128a96,96,0,0,1-94.71,96H128A95.38,95.38,0,0,1,62.1,197.8a8,8,0,0,1,11-11.63A80,80,0,1,0,71.43,71.39a3.07,3.07,0,0,1-.26.25L44.59,96H72a8,8,0,0,1,0,16H24a8,8,0,0,1-8-8V56a8,8,0,0,1,16,0V85.8L60.25,60A96,96,0,0,1,224,128Z"
                    />
                  </svg>
                  <span
                    class="xs:hidden"
                  >
                    Reset
                  </span>
                </span>
              </span>
            </button>
          </li>
        </ul>
        <button
          class="rounded-lg border-4 border-double border-black px-4 py-2 uppercase"
          type="button"
        >
          <span
            class="flex items-center justify-center gap-1 text-xs uppercase tracking-wide"
          >
            Add funds
            <svg
              class="h-4 w-auto"
              fill="currentColor"
              height="1em"
              viewBox="0 0 256 256"
              width="1em"
              xmlns="http://www.w3.org/2000/svg"
            >
              <path
                d="M224,128a8,8,0,0,1-8,8H136v80a8,8,0,0,1-16,0V136H40a8,8,0,0,1,0-16h80V40a8,8,0,0,1,16,0v80h80A8,8,0,0,1,224,128Z"
              />
            </svg>
          </span>
        </button>
      </div>
      <h2
        class="py-4 sm:py-8 text-center text-2xl"
      >
        How much are you spending each month?
      </h2>
      <div
        class="flex flex-col items-stretch gap-2 sm:items-end sm:gap-4"
      >
        <ul
          class="flex w-full flex-col gap-4 sm:gap-2"
        >
          <li
            class="group/label flex flex-wrap gap-2 sm:items-end"
          >
            <div
              class="flex w-full flex-grow flex-wrap gap-2 xs:w-auto"
            >
              <div
                class="flex flex-grow flex-col flex-wrap gap-2 sm:flex-row"
              >
                <div
                  class="flex flex-grow flex-col flex-wrap gap-2"
                >
                  <label
                    class="text-xs uppercase group-first-of-type/label:inline sm:hidden sm:text-sm"
                    for="monthlyDebits.0.name"
                  >
                    Name
                  </label>
                  <input
                    class="rounded-lg border border-black p-2"
                    id="monthlyDebits.0.name"
                    name="monthlyDebits.0.name"
                    type="text"
                  />
                </div>
                <div
                  class="flex flex-grow flex-col flex-wrap gap-2"
                >
                  <label
                    class="text-xs uppercase group-first-of-type/label:inline sm:hidden sm:text-sm"
                    for="monthlyDebits.0.amount"
                  >
                    Amount
                  </label>
                  <div
                    class="relative flex"
                  >
                    <div
                      class="pointer-events-none absolute inset-y-0 left-0 flex items-center pl-3"
                    >
                      <span
                        class="text-gray-500"
                      >
                        $
                      </span>
                    </div>
                    <input
                      class="flex-grow rounded-lg border border-black p-2 pl-6"
                      id="monthlyDebits.0.amount"
                      min="0"
                      name="monthlyDebits.0.amount"
                      type="number"
                    />
                  </div>
                </div>
              </div>
            </div>
            <button
              class="ml-auto mt-0 flex-grow rounded-lg border-4 border-double border-black p-2 xs:mt-6 xs:flex-shrink xs:flex-grow-0 sm:mt-0"
              type="button"
            >
              <span
                class="flex items-center justify-evenly"
              >
                <span
                  class="flex items-center gap-2 text-xs uppercase "
                >
                  <svg
                    aria-hidden="true"
                    class="h-4 w-auto"
                    fill="currentColor"
                    height="1em"
                    viewBox="0 0 256 256"
                    width="1em"
                    xmlns="http://www.w3.org/2000/svg"
                  >
                    <path
                      d="M224,128a96,96,0,0,1-94.71,96H128A95.38,95.38,0,0,1,62.1,197.8a8,8,0,0,1,11-11.63A80,80,0,1,0,71.43,71.39a3.07,3.07,0,0,1-.26.25L44.59,96H72a8,8,0,0,1,0,16H24a8,8,0,0,1-8-8V56a8,8,0,0,1,16,0V85.8L60.25,60A96,96,0,0,1,224,128Z"
                    />
                  </svg>
                  <span
                    class="xs:hidden"
                  >
                    Reset
                  </span>
                </span>
              </span>
            </button>
          </li>
        </ul>
        <button
          class="rounded-lg border-4 border-double border-black px-4 py-2 uppercase"
          type="button"
        >
          <span
            class="flex items-center justify-center gap-1 text-xs uppercase tracking-wide"
          >
            Add expense
            <svg
              class="h-4 w-auto"
              fill="currentColor"
              height="1em"
              viewBox="0 0 256 256"
              width="1em"
              xmlns="http://www.w3.org/2000/svg"
            >
              <path
                d="M224,128a8,8,0,0,1-8,8H136v80a8,8,0,0,1-16,0V136H40a8,8,0,0,1,0-16h80V40a8,8,0,0,1,16,0v80h80A8,8,0,0,1,224,128Z"
              />
            </svg>
          </span>
        </button>
      </div>
      <div
        class="flex flex-col-reverse gap-2 border-t-4 border-double border-black pt-4 sm:flex-row sm:justify-between sm:pt-8"
      >
        <div
          class="flex flex-col-reverse items-stretch gap-2 sm:ml-auto sm:flex-row"
        >
          <button
            class="flex items-center justify-center gap-2 rounded-lg border-4 border-double border-black px-4 py-2 uppercase sm:p-3"
          >
            <svg
              class="h-4 w-auto"
              fill="currentColor"
              height="1em"
              viewBox="0 0 256 256"
              width="1em"
              xmlns="http://www.w3.org/2000/svg"
            >
              <path
                d="M208,32H91.31A15.86,15.86,0,0,0,80,36.69L36.69,80A15.86,15.86,0,0,0,32,91.31V208a16,16,0,0,0,16,16H208a16,16,0,0,0,16-16V48A16,16,0,0,0,208,32Zm0,176H48V91.31L91.31,48H168V80H88a8,8,0,0,0,0,16h80a16,16,0,0,0,16-16V48h24Zm-80-96a40,40,0,1,0,40,40A40,40,0,0,0,128,112Zm0,64a24,24,0,1,1,24-24A24,24,0,0,1,128,176Z"
              />
            </svg>
            <span
              class="inline sm:hidden"
            >
              Save / Load
            </span>
          </button>
          <button
            class="flex items-center justify-center gap-2 rounded-lg border-4 border-double border-black px-4 py-2 uppercase"
            type="submit"
          >
            Build Runway
            <svg
              class="h-4 w-auto"
              fill="currentColor"
              height="1em"
              viewBox="0 0 256 256"
              width="1em"
              xmlns="http://www.w3.org/2000/svg"
            >
              <path
                d="M176,216a8,8,0,0,1-8,8H24a8,8,0,0,1,0-16H168A8,8,0,0,1,176,216ZM247.86,93.15a8,8,0,0,1-3.76,5.39l-147.41,88a40.18,40.18,0,0,1-20.26,5.52,39.78,39.78,0,0,1-27.28-10.87l-.12-.12L13,145.8a16,16,0,0,1,4.49-26.21l3-1.47a8,8,0,0,1,6.08-.4l28.26,9.54L75,115.06,53.17,93.87A16,16,0,0,1,57.7,67.4l.32-.13,7.15-2.71a8,8,0,0,1,5.59,0L124.7,84.38,176.27,53.6a39.82,39.82,0,0,1,51.28,9.12l.12.15,18.64,23.89A8,8,0,0,1,247.86,93.15Zm-19.74-3.7-13-16.67a23.88,23.88,0,0,0-30.68-5.42l-54.8,32.72a8.06,8.06,0,0,1-6.87.64L68,80.58l-4,1.53.21.2L93.57,110.8a8,8,0,0,1-1.43,12.58L59.93,142.87a8,8,0,0,1-6.7.73l-28.67-9.67-.19.1-.37.17a.71.71,0,0,1,.13.12l36,35.26a23.85,23.85,0,0,0,28.42,3.18Z"
              />
            </svg>
          </button>
        </div>
      </div>
    </form>
    <details
      class="mt-24 border-2 border-stone-200 p-1.5 text-stone-400"
    >
      <summary>
        DEVELOPER
      </summary>
      <div
        class="grid grid-cols-1"
      >
        <pre
          class="my-2 overflow-x-auto border-2 border-double border-slate-400 bg-slate-800 p-1 text-stone-200"
        >
          {
  "funds": [
    {
      "name": "",
      "amount": 0
    }
  ],
  "monthlyDebits": [
    {
      "name": "",
      "amount": 0
    }
  ],
  "monthlyCredits": [
    {
      "name": "",
      "amount": 0
    }
  ],
  "oneTimeDebits": [
    {
      "name": "",
      "amount": 0,
      "date": null
    }
  ],
  "oneTimeCredits": [
    {
      "name": "",
      "amount": 0,
      "date": null
    }
  ],
  "scenarios": []
}
        </pre>
      </div>
    </details>
  </div>,
  "debug": [Function],
  "findAllByAltText": [Function],
  "findAllByDisplayValue": [Function],
  "findAllByLabelText": [Function],
  "findAllByPlaceholderText": [Function],
  "findAllByRole": [Function],
  "findAllByTestId": [Function],
  "findAllByText": [Function],
  "findAllByTitle": [Function],
  "findByAltText": [Function],
  "findByDisplayValue": [Function],
  "findByLabelText": [Function],
  "findByPlaceholderText": [Function],
  "findByRole": [Function],
  "findByTestId": [Function],
  "findByText": [Function],
  "findByTitle": [Function],
  "getAllByAltText": [Function],
  "getAllByDisplayValue": [Function],
  "getAllByLabelText": [Function],
  "getAllByPlaceholderText": [Function],
  "getAllByRole": [Function],
  "getAllByTestId": [Function],
  "getAllByText": [Function],
  "getAllByTitle": [Function],
  "getByAltText": [Function],
  "getByDisplayValue": [Function],
  "getByLabelText": [Function],
  "getByPlaceholderText": [Function],
  "getByRole": [Function],
  "getByTestId": [Function],
  "getByText": [Function],
  "getByTitle": [Function],
  "queryAllByAltText": [Function],
  "queryAllByDisplayValue": [Function],
  "queryAllByLabelText": [Function],
  "queryAllByPlaceholderText": [Function],
  "queryAllByRole": [Function],
  "queryAllByTestId": [Function],
  "queryAllByText": [Function],
  "queryAllByTitle": [Function],
  "queryByAltText": [Function],
  "queryByDisplayValue": [Function],
  "queryByLabelText": [Function],
  "queryByPlaceholderText": [Function],
  "queryByRole": [Function],
  "queryByTestId": [Function],
  "queryByText": [Function],
  "queryByTitle": [Function],
  "rerender": [Function],
  "unmount": [Function],
}
`;
