// Jest Snapshot v1, https://goo.gl/fbAQLP

exports[`HomePage renders the onboarding form 1`] = `
{
  "asFragment": [Function],
  "baseElement": <body>
    <div>
      <form
        class="flex flex-col gap-2"
      >
        <h1>
          How much cash do you have?
        </h1>
        <div
          class="flex gap-2"
        >
          <fieldset
            class="flex flex-col gap-2"
          >
            <label
              for="fund_name"
            >
              Name
            </label>
            <input
              id="fund_name"
              name="fund_name"
              type="text"
            />
          </fieldset>
          <fieldset
            class="flex flex-col gap-2"
          >
            <label
              for="fund_amount"
            >
              Amount
            </label>
            <input
              id="fund_amount"
              name="fund_amount"
              type="text"
            />
          </fieldset>
        </div>
        <h1>
          How much are you spending each month?
        </h1>
        <div
          class="flex gap-2"
        >
          <input
            id="monthly_debit_color"
            name="monthly_debit_color"
            type="color"
          />
          <fieldset
            class="flex flex-col gap-2"
          >
            <label
              for="monthly_debit_name"
            >
              Name
            </label>
            <input
              id="monthly_debit_name"
              name="monthly_debit_name"
              type="text"
            />
          </fieldset>
          <fieldset
            class="flex flex-col gap-2"
          >
            <label
              for="monthly_debit_amount"
            >
              Amount
            </label>
            <input
              id="monthly_debit_amount"
              name="monthly_debit_amount"
              type="text"
            />
          </fieldset>
        </div>
        <button
          type="submit"
        >
          Build Runway
        </button>
      </form>
    </div>
  </body>,
  "container": <div>
    <form
      class="flex flex-col gap-2"
    >
      <h1>
        How much cash do you have?
      </h1>
      <div
        class="flex gap-2"
      >
        <fieldset
          class="flex flex-col gap-2"
        >
          <label
            for="fund_name"
          >
            Name
          </label>
          <input
            id="fund_name"
            name="fund_name"
            type="text"
          />
        </fieldset>
        <fieldset
          class="flex flex-col gap-2"
        >
          <label
            for="fund_amount"
          >
            Amount
          </label>
          <input
            id="fund_amount"
            name="fund_amount"
            type="text"
          />
        </fieldset>
      </div>
      <h1>
        How much are you spending each month?
      </h1>
      <div
        class="flex gap-2"
      >
        <input
          id="monthly_debit_color"
          name="monthly_debit_color"
          type="color"
        />
        <fieldset
          class="flex flex-col gap-2"
        >
          <label
            for="monthly_debit_name"
          >
            Name
          </label>
          <input
            id="monthly_debit_name"
            name="monthly_debit_name"
            type="text"
          />
        </fieldset>
        <fieldset
          class="flex flex-col gap-2"
        >
          <label
            for="monthly_debit_amount"
          >
            Amount
          </label>
          <input
            id="monthly_debit_amount"
            name="monthly_debit_amount"
            type="text"
          />
        </fieldset>
      </div>
      <button
        type="submit"
      >
        Build Runway
      </button>
    </form>
  </div>,
  "debug": [Function],
  "findAllByAltText": [Function],
  "findAllByDisplayValue": [Function],
  "findAllByLabelText": [Function],
  "findAllByPlaceholderText": [Function],
  "findAllByRole": [Function],
  "findAllByTestId": [Function],
  "findAllByText": [Function],
  "findAllByTitle": [Function],
  "findByAltText": [Function],
  "findByDisplayValue": [Function],
  "findByLabelText": [Function],
  "findByPlaceholderText": [Function],
  "findByRole": [Function],
  "findByTestId": [Function],
  "findByText": [Function],
  "findByTitle": [Function],
  "getAllByAltText": [Function],
  "getAllByDisplayValue": [Function],
  "getAllByLabelText": [Function],
  "getAllByPlaceholderText": [Function],
  "getAllByRole": [Function],
  "getAllByTestId": [Function],
  "getAllByText": [Function],
  "getAllByTitle": [Function],
  "getByAltText": [Function],
  "getByDisplayValue": [Function],
  "getByLabelText": [Function],
  "getByPlaceholderText": [Function],
  "getByRole": [Function],
  "getByTestId": [Function],
  "getByText": [Function],
  "getByTitle": [Function],
  "queryAllByAltText": [Function],
  "queryAllByDisplayValue": [Function],
  "queryAllByLabelText": [Function],
  "queryAllByPlaceholderText": [Function],
  "queryAllByRole": [Function],
  "queryAllByTestId": [Function],
  "queryAllByText": [Function],
  "queryAllByTitle": [Function],
  "queryByAltText": [Function],
  "queryByDisplayValue": [Function],
  "queryByLabelText": [Function],
  "queryByPlaceholderText": [Function],
  "queryByRole": [Function],
  "queryByTestId": [Function],
  "queryByText": [Function],
  "queryByTitle": [Function],
  "rerender": [Function],
  "unmount": [Function],
}
`;
